{
  "N": 8,
  "state_count": 256,
  "eigenvectors_checked": 256,
  "entropy_anchor_count": 48,
  "own_gate_anchor_count": 16,
  "diagnostics": {
    "eigen_residual_max": 1.4669534741808846e-14,
    "orthogonality_max_entry": 1.432187701766452e-14,
    "unitarity_frobenius_relative": 1.064255568014899e-15,
    "minimum_eigenphase_gap": 0.00399985163695904,
    "mean_circular_gap_ratio": 0.632345065117389,
    "scaled_computational_ipr": 2.0961499802843067
  },
  "max_gate_seed_error": 0.0,
  "max_entropy_anchor_error": 6.217248937900877e-15,
  "max_purity_anchor_error": 2.7755575615628914e-16,
  "max_smallest_probability_anchor_error": 3.7039056717536045e-17,
  "max_own_gate_spectrum_change": 9.992007221626409e-16,
  "max_own_gate_entropy_change": 2.220446049250313e-15,
  "max_summary_error": [
    1.9539925233402755e-13,
    "/entropy/phaseSWAP/1/exact_haar_variance_before_ratio"
  ],
  "max_benchmark_error": [
    8.881784197001252e-16,
    "/von_neumann_mean"
  ],
  "max_diagnostics_difference": [
    2.2664575690998196e-17,
    "/eigen_residual_max"
  ],
  "cohort_sha256": "60e6a32a15ed720511ce800d2ba8e502bc5c1a281b5a8f5d28e66333356267ff"
}
{
  "N": 10,
  "state_count": 1024,
  "eigenvectors_checked": 1024,
  "entropy_anchor_count": 48,
  "own_gate_anchor_count": 16,
  "diagnostics": {
    "eigen_residual_max": 2.5292943271003703e-14,
    "orthogonality_max_entry": 2.4868995751603507e-14,
    "unitarity_frobenius_relative": 1.239615969034832e-15,
    "minimum_eigenphase_gap": 0.0006387480619594044,
    "mean_circular_gap_ratio": 0.6043001463737613,
    "scaled_computational_ipr": 2.039227805873298
  },
  "max_gate_seed_error": 0.0,
  "max_entropy_anchor_error": 4.884981308350689e-15,
  "max_purity_anchor_error": 8.326672684688674e-17,
  "max_smallest_probability_anchor_error": 1.917682592583736e-17,
  "max_own_gate_spectrum_change": 6.522560269672795e-16,
  "max_own_gate_entropy_change": 1.7763568394002505e-15,
  "max_summary_error": [
    2.581934666068264e-12,
    "/entropy/phaseSWAP/1/exact_haar_variance_before_ratio"
  ],
  "max_benchmark_error": [
    8.881784197001252e-16,
    "/von_neumann_mean"
  ],
  "max_diagnostics_difference": [
    1.3128068543319262e-17,
    "/eigen_residual_max"
  ],
  "cohort_sha256": "821196f445d49babb1f4431cec0e78aa09875e804683abc8ed5b88db78cad60b"
}
